// Jest Snapshot v1, https://jestjs.io/docs/snapshot-testing

exports[`HomeScreen snapshot matches snapshot 1`] = `
<RCTScrollView
  showsVerticalScrollIndicator={false}
  style={
    {
      "flex": 1,
    }
  }
>
  <View>
    <View
      style={
        {
          "alignItems": "center",
          "backgroundColor": "#f9fafb",
          "flexDirection": "row",
          "justifyContent": "space-between",
          "paddingHorizontal": 24,
          "paddingVertical": 16,
        }
      }
      testID="home-header"
    >
      <Text
        style={
          {
            "color": "#3b82f6",
            "fontSize": 20,
            "fontWeight": "700",
          }
        }
      >
        TutorLink
      </Text>
      <View
        accessibilityState={
          {
            "busy": undefined,
            "checked": undefined,
            "disabled": undefined,
            "expanded": undefined,
            "selected": undefined,
          }
        }
        accessibilityValue={
          {
            "max": undefined,
            "min": undefined,
            "now": undefined,
            "text": undefined,
          }
        }
        accessible={true}
        collapsable={false}
        focusable={false}
        onClick={[Function]}
        onResponderGrant={[Function]}
        onResponderMove={[Function]}
        onResponderRelease={[Function]}
        onResponderTerminate={[Function]}
        onResponderTerminationRequest={[Function]}
        onStartShouldSetResponder={[Function]}
        style={
          {
            "backgroundColor": "#ffffff",
            "borderRadius": 9999,
            "opacity": 1,
            "padding": 4,
          }
        }
        testID="notification-icon"
      >
        <MaterialIcons
          color="#374151"
          name="notifications"
          size={24}
        />
      </View>
    </View>
    <View
      style={
        {
          "backgroundColor": "#f9fafb",
          "paddingHorizontal": 24,
          "paddingVertical": 24,
        }
      }
    >
      <Text
        style={
          {
            "color": "#111827",
            "fontSize": 20,
            "fontWeight": "700",
            "marginBottom": 4,
          }
        }
      >
        こんにちは、
        田中花子
        さん！👋
      </Text>
      <Text
        style={
          {
            "color": "#4b5563",
            "fontSize": 16,
          }
        }
      >
        今日も素敵な先輩との出会いを見つけよう
      </Text>
    </View>
    <View
      style={
        {
          "paddingHorizontal": 24,
          "paddingVertical": 16,
        }
      }
    >
      <View
        style={
          {
            "alignItems": "center",
            "backgroundColor": "#f9fafb",
            "borderRadius": 0,
            "flexDirection": "row",
            "justifyContent": "space-between",
            "padding": 24,
          }
        }
        testID="coin-card"
      >
        <View
          style={
            {
              "alignItems": "center",
              "flexDirection": "row",
            }
          }
        >
          <MaterialIcons
            color="#f59e0b"
            name="monetization-on"
            size={24}
          />
          <View
            style={
              {
                "marginLeft": 16,
              }
            }
          >
            <Text
              style={
                {
                  "color": "#4b5563",
                  "fontSize": 12,
                  "marginBottom": 2,
                }
              }
            >
              コイン残高
            </Text>
            <Text
              style={
                {
                  "color": "#111827",
                  "fontSize": 18,
                  "fontWeight": "700",
                }
              }
            >
              500
            </Text>
          </View>
        </View>
        <View
          accessibilityState={
            {
              "busy": undefined,
              "checked": undefined,
              "disabled": undefined,
              "expanded": undefined,
              "selected": undefined,
            }
          }
          accessibilityValue={
            {
              "max": undefined,
              "min": undefined,
              "now": undefined,
              "text": undefined,
            }
          }
          accessible={true}
          collapsable={false}
          focusable={true}
          onClick={[Function]}
          onResponderGrant={[Function]}
          onResponderMove={[Function]}
          onResponderRelease={[Function]}
          onResponderTerminate={[Function]}
          onResponderTerminationRequest={[Function]}
          onStartShouldSetResponder={[Function]}
          style={
            {
              "backgroundColor": "#3b82f6",
              "borderRadius": 9999,
              "opacity": 1,
              "paddingHorizontal": 16,
              "paddingVertical": 8,
            }
          }
        >
          <Text
            style={
              {
                "color": "#ffffff",
                "fontSize": 12,
                "fontWeight": "600",
              }
            }
          >
            購入する
          </Text>
        </View>
      </View>
    </View>
    <View
      style={
        {
          "paddingHorizontal": 24,
          "paddingVertical": 8,
        }
      }
    >
      <View
        style={
          {
            "backgroundColor": "#f9fafb",
            "flexDirection": "row",
            "justifyContent": "space-around",
            "paddingVertical": 24,
          }
        }
        testID="quick-actions"
      >
        <View
          accessibilityState={
            {
              "busy": undefined,
              "checked": undefined,
              "disabled": undefined,
              "expanded": undefined,
              "selected": undefined,
            }
          }
          accessibilityValue={
            {
              "max": undefined,
              "min": undefined,
              "now": undefined,
              "text": undefined,
            }
          }
          accessible={true}
          collapsable={false}
          focusable={true}
          onClick={[Function]}
          onResponderGrant={[Function]}
          onResponderMove={[Function]}
          onResponderRelease={[Function]}
          onResponderTerminate={[Function]}
          onResponderTerminationRequest={[Function]}
          onStartShouldSetResponder={[Function]}
          style={
            {
              "alignItems": "center",
              "flex": 1,
              "opacity": 1,
            }
          }
        >
          <MaterialIcons
            color="#3b82f6"
            name="search"
            size={24}
          />
          <Text
            style={
              {
                "color": "#374151",
                "fontSize": 12,
                "marginTop": 4,
                "textAlign": "center",
              }
            }
          >
            探す
          </Text>
        </View>
        <View
          accessibilityState={
            {
              "busy": undefined,
              "checked": undefined,
              "disabled": undefined,
              "expanded": undefined,
              "selected": undefined,
            }
          }
          accessibilityValue={
            {
              "max": undefined,
              "min": undefined,
              "now": undefined,
              "text": undefined,
            }
          }
          accessible={true}
          collapsable={false}
          focusable={false}
          onClick={[Function]}
          onResponderGrant={[Function]}
          onResponderMove={[Function]}
          onResponderRelease={[Function]}
          onResponderTerminate={[Function]}
          onResponderTerminationRequest={[Function]}
          onStartShouldSetResponder={[Function]}
          style={
            {
              "alignItems": "center",
              "flex": 1,
              "opacity": 1,
            }
          }
        >
          <MaterialIcons
            color="#3b82f6"
            name="school"
            size={24}
          />
          <Text
            style={
              {
                "color": "#374151",
                "fontSize": 12,
                "marginTop": 4,
                "textAlign": "center",
              }
            }
          >
            予約
          </Text>
        </View>
        <View
          accessibilityState={
            {
              "busy": undefined,
              "checked": undefined,
              "disabled": undefined,
              "expanded": undefined,
              "selected": undefined,
            }
          }
          accessibilityValue={
            {
              "max": undefined,
              "min": undefined,
              "now": undefined,
              "text": undefined,
            }
          }
          accessible={true}
          collapsable={false}
          focusable={false}
          onClick={[Function]}
          onResponderGrant={[Function]}
          onResponderMove={[Function]}
          onResponderRelease={[Function]}
          onResponderTerminate={[Function]}
          onResponderTerminationRequest={[Function]}
          onStartShouldSetResponder={[Function]}
          style={
            {
              "alignItems": "center",
              "flex": 1,
              "opacity": 1,
            }
          }
        >
          <MaterialIcons
            color="#3b82f6"
            name="star"
            size={24}
          />
          <Text
            style={
              {
                "color": "#374151",
                "fontSize": 12,
                "marginTop": 4,
                "textAlign": "center",
              }
            }
          >
            お気に入り
          </Text>
        </View>
        <View
          accessibilityState={
            {
              "busy": undefined,
              "checked": undefined,
              "disabled": undefined,
              "expanded": undefined,
              "selected": undefined,
            }
          }
          accessibilityValue={
            {
              "max": undefined,
              "min": undefined,
              "now": undefined,
              "text": undefined,
            }
          }
          accessible={true}
          collapsable={false}
          focusable={false}
          onClick={[Function]}
          onResponderGrant={[Function]}
          onResponderMove={[Function]}
          onResponderRelease={[Function]}
          onResponderTerminate={[Function]}
          onResponderTerminationRequest={[Function]}
          onStartShouldSetResponder={[Function]}
          style={
            {
              "alignItems": "center",
              "flex": 1,
              "opacity": 1,
            }
          }
        >
          <MaterialIcons
            color="#3b82f6"
            name="assessment"
            size={24}
          />
          <Text
            style={
              {
                "color": "#374151",
                "fontSize": 12,
                "marginTop": 4,
                "textAlign": "center",
              }
            }
          >
            成果
          </Text>
        </View>
      </View>
    </View>
    <View
      style={
        {
          "paddingVertical": 16,
        }
      }
    >
      <View
        style={
          {
            "alignItems": "center",
            "flexDirection": "row",
            "justifyContent": "space-between",
            "marginBottom": 16,
            "paddingHorizontal": 24,
          }
        }
      >
        <Text
          style={
            {
              "color": "#111827",
              "fontSize": 18,
              "fontWeight": "600",
            }
          }
        >
          おすすめの先輩
        </Text>
        <View
          accessibilityState={
            {
              "busy": undefined,
              "checked": undefined,
              "disabled": undefined,
              "expanded": undefined,
              "selected": undefined,
            }
          }
          accessibilityValue={
            {
              "max": undefined,
              "min": undefined,
              "now": undefined,
              "text": undefined,
            }
          }
          accessible={true}
          collapsable={false}
          focusable={false}
          onClick={[Function]}
          onResponderGrant={[Function]}
          onResponderMove={[Function]}
          onResponderRelease={[Function]}
          onResponderTerminate={[Function]}
          onResponderTerminationRequest={[Function]}
          onStartShouldSetResponder={[Function]}
          style={
            {
              "alignItems": "center",
              "flexDirection": "row",
              "opacity": 1,
            }
          }
        >
          <Text
            style={
              {
                "color": "#3b82f6",
                "fontSize": 12,
                "marginRight": 2,
              }
            }
          >
            すべて見る
          </Text>
          <MaterialIcons
            color="#3b82f6"
            name="arrow-forward"
            size={16}
          />
        </View>
      </View>
      <View
        accessibilityState={
          {
            "busy": undefined,
            "checked": undefined,
            "disabled": undefined,
            "expanded": undefined,
            "selected": undefined,
          }
        }
        accessibilityValue={
          {
            "max": undefined,
            "min": undefined,
            "now": undefined,
            "text": undefined,
          }
        }
        accessible={true}
        collapsable={false}
        focusable={true}
        onClick={[Function]}
        onResponderGrant={[Function]}
        onResponderMove={[Function]}
        onResponderRelease={[Function]}
        onResponderTerminate={[Function]}
        onResponderTerminationRequest={[Function]}
        onStartShouldSetResponder={[Function]}
        style={
          {
            "backgroundColor": "#ffffff",
            "borderRadius": 12,
            "elevation": 1,
            "marginBottom": 8,
            "marginHorizontal": 24,
            "opacity": 1,
            "shadowColor": "#000000",
            "shadowOffset": {
              "height": 1,
              "width": 0,
            },
            "shadowOpacity": 0.05,
            "shadowRadius": 2,
          }
        }
        testID="tutor-card"
      >
        <View
          style={
            {
              "flexDirection": "row",
              "padding": 24,
            }
          }
        >
          <View
            style={
              {
                "alignItems": "center",
                "backgroundColor": "#3b82f6",
                "borderRadius": 25,
                "height": 50,
                "justifyContent": "center",
                "marginRight": 16,
                "position": "relative",
                "width": 50,
              }
            }
          >
            <Text
              style={
                {
                  "color": "#ffffff",
                  "fontSize": 18,
                  "fontWeight": "700",
                }
              }
            >
              鈴
            </Text>
          </View>
          <View
            style={
              {
                "flex": 1,
              }
            }
          >
            <View
              style={
                {
                  "alignItems": "center",
                  "flexDirection": "row",
                  "justifyContent": "space-between",
                  "marginBottom": 4,
                }
              }
            >
              <Text
                style={
                  {
                    "color": "#111827",
                    "fontSize": 16,
                    "fontWeight": "600",
                  }
                }
              >
                鈴木健一
              </Text>
              <View
                style={
                  {
                    "alignItems": "center",
                    "flexDirection": "row",
                  }
                }
              >
                <MaterialIcons
                  color="#f59e0b"
                  name="star"
                  size={14}
                />
                <Text
                  style={
                    {
                      "color": "#4b5563",
                      "fontSize": 12,
                      "marginLeft": 2,
                    }
                  }
                >
                  4.9
                   (
                  203
                  回)
                </Text>
              </View>
            </View>
            <Text
              style={
                {
                  "color": "#4b5563",
                  "fontSize": 12,
                  "marginBottom": 8,
                }
              }
            >
              東京医科歯科大学
               
              大学4年
            </Text>
            <View
              style={
                {
                  "flexDirection": "row",
                  "flexWrap": "wrap",
                  "gap": 4,
                  "marginBottom": 8,
                }
              }
            >
              <View
                style={
                  {
                    "backgroundColor": "#3b82f620",
                    "borderRadius": 9999,
                    "paddingHorizontal": 8,
                    "paddingVertical": 2,
                  }
                }
              >
                <Text
                  style={
                    {
                      "color": "#3b82f6",
                      "fontSize": 10,
                      "fontWeight": "500",
                    }
                  }
                >
                  化学
                </Text>
              </View>
              <View
                style={
                  {
                    "backgroundColor": "#3b82f620",
                    "borderRadius": 9999,
                    "paddingHorizontal": 8,
                    "paddingVertical": 2,
                  }
                }
              >
                <Text
                  style={
                    {
                      "color": "#3b82f6",
                      "fontSize": 10,
                      "fontWeight": "500",
                    }
                  }
                >
                  生物
                </Text>
              </View>
            </View>
            <View
              style={
                {
                  "alignItems": "center",
                  "flexDirection": "row",
                  "justifyContent": "space-between",
                }
              }
            >
              <Text
                style={
                  {
                    "color": "#3b82f6",
                    "fontSize": 16,
                    "fontWeight": "600",
                  }
                }
              >
                2,000
                コイン/時
              </Text>
            </View>
          </View>
        </View>
      </View>
      <View
        accessibilityState={
          {
            "busy": undefined,
            "checked": undefined,
            "disabled": undefined,
            "expanded": undefined,
            "selected": undefined,
          }
        }
        accessibilityValue={
          {
            "max": undefined,
            "min": undefined,
            "now": undefined,
            "text": undefined,
          }
        }
        accessible={true}
        collapsable={false}
        focusable={true}
        onClick={[Function]}
        onResponderGrant={[Function]}
        onResponderMove={[Function]}
        onResponderRelease={[Function]}
        onResponderTerminate={[Function]}
        onResponderTerminationRequest={[Function]}
        onStartShouldSetResponder={[Function]}
        style={
          {
            "backgroundColor": "#ffffff",
            "borderRadius": 12,
            "elevation": 1,
            "marginBottom": 8,
            "marginHorizontal": 24,
            "opacity": 1,
            "shadowColor": "#000000",
            "shadowOffset": {
              "height": 1,
              "width": 0,
            },
            "shadowOpacity": 0.05,
            "shadowRadius": 2,
          }
        }
        testID="tutor-card"
      >
        <View
          style={
            {
              "flexDirection": "row",
              "padding": 24,
            }
          }
        >
          <View
            style={
              {
                "alignItems": "center",
                "backgroundColor": "#3b82f6",
                "borderRadius": 25,
                "height": 50,
                "justifyContent": "center",
                "marginRight": 16,
                "position": "relative",
                "width": 50,
              }
            }
          >
            <Text
              style={
                {
                  "color": "#ffffff",
                  "fontSize": 18,
                  "fontWeight": "700",
                }
              }
            >
              佐
            </Text>
            <View
              style={
                {
                  "backgroundColor": "#10b981",
                  "borderColor": "#ffffff",
                  "borderRadius": 6,
                  "borderWidth": 2,
                  "bottom": 2,
                  "height": 12,
                  "position": "absolute",
                  "right": 2,
                  "width": 12,
                }
              }
            />
          </View>
          <View
            style={
              {
                "flex": 1,
              }
            }
          >
            <View
              style={
                {
                  "alignItems": "center",
                  "flexDirection": "row",
                  "justifyContent": "space-between",
                  "marginBottom": 4,
                }
              }
            >
              <Text
                style={
                  {
                    "color": "#111827",
                    "fontSize": 16,
                    "fontWeight": "600",
                  }
                }
              >
                佐藤太郎
              </Text>
              <View
                style={
                  {
                    "alignItems": "center",
                    "flexDirection": "row",
                  }
                }
              >
                <MaterialIcons
                  color="#f59e0b"
                  name="star"
                  size={14}
                />
                <Text
                  style={
                    {
                      "color": "#4b5563",
                      "fontSize": 12,
                      "marginLeft": 2,
                    }
                  }
                >
                  4.8
                   (
                  156
                  回)
                </Text>
              </View>
            </View>
            <Text
              style={
                {
                  "color": "#4b5563",
                  "fontSize": 12,
                  "marginBottom": 8,
                }
              }
            >
              東京大学
               
              大学2年
            </Text>
            <View
              style={
                {
                  "flexDirection": "row",
                  "flexWrap": "wrap",
                  "gap": 4,
                  "marginBottom": 8,
                }
              }
            >
              <View
                style={
                  {
                    "backgroundColor": "#3b82f620",
                    "borderRadius": 9999,
                    "paddingHorizontal": 8,
                    "paddingVertical": 2,
                  }
                }
              >
                <Text
                  style={
                    {
                      "color": "#3b82f6",
                      "fontSize": 10,
                      "fontWeight": "500",
                    }
                  }
                >
                  数学
                </Text>
              </View>
              <View
                style={
                  {
                    "backgroundColor": "#3b82f620",
                    "borderRadius": 9999,
                    "paddingHorizontal": 8,
                    "paddingVertical": 2,
                  }
                }
              >
                <Text
                  style={
                    {
                      "color": "#3b82f6",
                      "fontSize": 10,
                      "fontWeight": "500",
                    }
                  }
                >
                  物理
                </Text>
              </View>
            </View>
            <View
              style={
                {
                  "alignItems": "center",
                  "flexDirection": "row",
                  "justifyContent": "space-between",
                }
              }
            >
              <Text
                style={
                  {
                    "color": "#3b82f6",
                    "fontSize": 16,
                    "fontWeight": "600",
                  }
                }
              >
                1,500
                コイン/時
              </Text>
              <Text
                style={
                  {
                    "color": "#10b981",
                    "fontSize": 12,
                    "fontWeight": "500",
                  }
                }
              >
                オンライン
              </Text>
            </View>
          </View>
        </View>
      </View>
      <View
        accessibilityState={
          {
            "busy": undefined,
            "checked": undefined,
            "disabled": undefined,
            "expanded": undefined,
            "selected": undefined,
          }
        }
        accessibilityValue={
          {
            "max": undefined,
            "min": undefined,
            "now": undefined,
            "text": undefined,
          }
        }
        accessible={true}
        collapsable={false}
        focusable={true}
        onClick={[Function]}
        onResponderGrant={[Function]}
        onResponderMove={[Function]}
        onResponderRelease={[Function]}
        onResponderTerminate={[Function]}
        onResponderTerminationRequest={[Function]}
        onStartShouldSetResponder={[Function]}
        style={
          {
            "backgroundColor": "#ffffff",
            "borderRadius": 12,
            "elevation": 1,
            "marginBottom": 8,
            "marginHorizontal": 24,
            "opacity": 1,
            "shadowColor": "#000000",
            "shadowOffset": {
              "height": 1,
              "width": 0,
            },
            "shadowOpacity": 0.05,
            "shadowRadius": 2,
          }
        }
        testID="tutor-card"
      >
        <View
          style={
            {
              "flexDirection": "row",
              "padding": 24,
            }
          }
        >
          <View
            style={
              {
                "alignItems": "center",
                "backgroundColor": "#3b82f6",
                "borderRadius": 25,
                "height": 50,
                "justifyContent": "center",
                "marginRight": 16,
                "position": "relative",
                "width": 50,
              }
            }
          >
            <Text
              style={
                {
                  "color": "#ffffff",
                  "fontSize": 18,
                  "fontWeight": "700",
                }
              }
            >
              高
            </Text>
            <View
              style={
                {
                  "backgroundColor": "#10b981",
                  "borderColor": "#ffffff",
                  "borderRadius": 6,
                  "borderWidth": 2,
                  "bottom": 2,
                  "height": 12,
                  "position": "absolute",
                  "right": 2,
                  "width": 12,
                }
              }
            />
          </View>
          <View
            style={
              {
                "flex": 1,
              }
            }
          >
            <View
              style={
                {
                  "alignItems": "center",
                  "flexDirection": "row",
                  "justifyContent": "space-between",
                  "marginBottom": 4,
                }
              }
            >
              <Text
                style={
                  {
                    "color": "#111827",
                    "fontSize": 16,
                    "fontWeight": "600",
                  }
                }
              >
                高橋ゆうと
              </Text>
              <View
                style={
                  {
                    "alignItems": "center",
                    "flexDirection": "row",
                  }
                }
              >
                <MaterialIcons
                  color="#f59e0b"
                  name="star"
                  size={14}
                />
                <Text
                  style={
                    {
                      "color": "#4b5563",
                      "fontSize": 12,
                      "marginLeft": 2,
                    }
                  }
                >
                  4.7
                   (
                  184
                  回)
                </Text>
              </View>
            </View>
            <Text
              style={
                {
                  "color": "#4b5563",
                  "fontSize": 12,
                  "marginBottom": 8,
                }
              }
            >
              京都大学
               
              修士1年
            </Text>
            <View
              style={
                {
                  "flexDirection": "row",
                  "flexWrap": "wrap",
                  "gap": 4,
                  "marginBottom": 8,
                }
              }
            >
              <View
                style={
                  {
                    "backgroundColor": "#3b82f620",
                    "borderRadius": 9999,
                    "paddingHorizontal": 8,
                    "paddingVertical": 2,
                  }
                }
              >
                <Text
                  style={
                    {
                      "color": "#3b82f6",
                      "fontSize": 10,
                      "fontWeight": "500",
                    }
                  }
                >
                  数学
                </Text>
              </View>
              <View
                style={
                  {
                    "backgroundColor": "#3b82f620",
                    "borderRadius": 9999,
                    "paddingHorizontal": 8,
                    "paddingVertical": 2,
                  }
                }
              >
                <Text
                  style={
                    {
                      "color": "#3b82f6",
                      "fontSize": 10,
                      "fontWeight": "500",
                    }
                  }
                >
                  物理
                </Text>
              </View>
              <View
                style={
                  {
                    "backgroundColor": "#3b82f620",
                    "borderRadius": 9999,
                    "paddingHorizontal": 8,
                    "paddingVertical": 2,
                  }
                }
              >
                <Text
                  style={
                    {
                      "color": "#3b82f6",
                      "fontSize": 10,
                      "fontWeight": "500",
                    }
                  }
                >
                  化学
                </Text>
              </View>
            </View>
            <View
              style={
                {
                  "alignItems": "center",
                  "flexDirection": "row",
                  "justifyContent": "space-between",
                }
              }
            >
              <Text
                style={
                  {
                    "color": "#3b82f6",
                    "fontSize": 16,
                    "fontWeight": "600",
                  }
                }
              >
                2,200
                コイン/時
              </Text>
              <Text
                style={
                  {
                    "color": "#10b981",
                    "fontSize": 12,
                    "fontWeight": "500",
                  }
                }
              >
                オンライン
              </Text>
            </View>
          </View>
        </View>
      </View>
    </View>
    <View
      style={
        {
          "height": 32,
        }
      }
    />
  </View>
</RCTScrollView>
`;
