// Jest Snapshot v1, https://goo.gl/fbAQLP

exports[`HomeScreen snapshot matches snapshot 1`] = `
[
  <View
    style={
      {
        "alignItems": "center",
        "backgroundColor": "#ffffff",
        "borderBottomColor": "#e5e7eb",
        "borderBottomWidth": 1,
        "flexDirection": "row",
        "justifyContent": "space-between",
        "paddingHorizontal": 24,
        "paddingVertical": 16,
        "zIndex": 1000,
      }
    }
    testID="home-header"
  >
    <Text
      style={
        {
          "color": "#3b82f6",
          "fontSize": 20,
          "fontWeight": "700",
        }
      }
    >
      センパイ
    </Text>
    <View
      style={
        {
          "alignItems": "center",
          "flexDirection": "row",
          "gap": 8,
        }
      }
    >
      <View
        accessibilityState={
          {
            "busy": undefined,
            "checked": undefined,
            "disabled": undefined,
            "expanded": undefined,
            "selected": undefined,
          }
        }
        accessibilityValue={
          {
            "max": undefined,
            "min": undefined,
            "now": undefined,
            "text": undefined,
          }
        }
        accessible={true}
        collapsable={false}
        focusable={true}
        onClick={[Function]}
        onResponderGrant={[Function]}
        onResponderMove={[Function]}
        onResponderRelease={[Function]}
        onResponderTerminate={[Function]}
        onResponderTerminationRequest={[Function]}
        onStartShouldSetResponder={[Function]}
        style={
          {
            "alignItems": "center",
            "backgroundColor": "#f3f4f6",
            "borderRadius": 9999,
            "flexDirection": "row",
            "height": 32,
            "marginRight": 8,
            "opacity": 1,
            "paddingHorizontal": 16,
          }
        }
        testID="header-coin-button"
      >
        <MaterialIcons
          color="#f59e0b"
          name="account-balance-wallet"
          size={18}
        />
        <Text
          style={
            {
              "color": "#1f2937",
              "fontSize": 12,
              "fontWeight": "700",
              "marginLeft": 2,
            }
          }
        >
          0
        </Text>
      </View>
      <View
        accessibilityState={
          {
            "busy": undefined,
            "checked": undefined,
            "disabled": undefined,
            "expanded": undefined,
            "selected": undefined,
          }
        }
        accessibilityValue={
          {
            "max": undefined,
            "min": undefined,
            "now": undefined,
            "text": undefined,
          }
        }
        accessible={true}
        collapsable={false}
        focusable={true}
        onClick={[Function]}
        onResponderGrant={[Function]}
        onResponderMove={[Function]}
        onResponderRelease={[Function]}
        onResponderTerminate={[Function]}
        onResponderTerminationRequest={[Function]}
        onStartShouldSetResponder={[Function]}
        style={
          {
            "alignItems": "center",
            "backgroundColor": "#f3f4f6",
            "borderRadius": 9999,
            "height": 32,
            "justifyContent": "center",
            "opacity": 1,
            "padding": 4,
            "width": 32,
          }
        }
        testID="notification-icon"
      >
        <MaterialIcons
          color="#374151"
          name="notifications"
          size={20}
        />
      </View>
    </View>
  </View>,
  <RCTScrollView
    showsVerticalScrollIndicator={false}
    style={
      {
        "flex": 1,
      }
    }
  >
    <View>
      <LinearGradient
        colors={
          [
            "#8B7ED8",
            "#B794F6",
            "#E879F9",
          ]
        }
        end={
          {
            "x": 1,
            "y": 1,
          }
        }
        start={
          {
            "x": 0,
            "y": 0,
          }
        }
        style={
          {
            "paddingBottom": 32,
            "paddingTop": 16,
          }
        }
      >
        <View
          style={
            {
              "paddingHorizontal": 24,
              "paddingVertical": 24,
            }
          }
        >
          <Text
            style={
              {
                "color": "#ffffff",
                "fontSize": 20,
                "fontWeight": "700",
                "marginBottom": 4,
              }
            }
          >
            おはよう、
            ゲスト
            さん！👋
          </Text>
          <Text
            style={
              {
                "color": "rgba(255,255,255,0.9)",
                "fontSize": 16,
              }
            }
          >
            今日も新しい学びの出会いを見つけよう
          </Text>
        </View>
      </LinearGradient>
      <View
        style={
          {
            "backgroundColor": "#ffffff",
            "borderTopLeftRadius": 24,
            "borderTopRightRadius": 24,
            "flex": 1,
            "marginTop": -32,
            "paddingTop": 32,
          }
        }
      >
        <View
          style={
            [
              {
                "backgroundColor": "#ffffff",
                "paddingVertical": 16,
              },
              {
                "marginBottom": 16,
              },
            ]
          }
        >
          <View
            style={
              {
                "alignItems": "center",
                "flexDirection": "row",
                "justifyContent": "space-between",
                "marginBottom": 16,
                "paddingHorizontal": 16,
              }
            }
          >
            <Text
              style={
                {
                  "color": "#111827",
                  "fontSize": 18,
                  "fontWeight": "600",
                }
              }
            >
              授業の予定
            </Text>
          </View>
          <Text
            style={
              {
                "color": "#4b5563",
                "fontSize": 12,
                "marginHorizontal": 24,
              }
            }
          >
            次の授業はまだありません
          </Text>
        </View>
        <View
          style={
            {
              "backgroundColor": "#ffffff",
              "borderRadius": 16,
              "elevation": 4,
              "marginBottom": 32,
              "marginHorizontal": 16,
              "padding": 24,
              "shadowColor": "#000000",
              "shadowOffset": {
                "height": 2,
                "width": 0,
              },
              "shadowOpacity": 0.1,
              "shadowRadius": 8,
            }
          }
        >
          <View
            style={
              {
                "flexDirection": "row",
                "justifyContent": "space-around",
              }
            }
            testID="quick-actions"
          >
            <View
              accessibilityState={
                {
                  "busy": undefined,
                  "checked": undefined,
                  "disabled": undefined,
                  "expanded": undefined,
                  "selected": undefined,
                }
              }
              accessibilityValue={
                {
                  "max": undefined,
                  "min": undefined,
                  "now": undefined,
                  "text": undefined,
                }
              }
              accessible={true}
              collapsable={false}
              focusable={true}
              onClick={[Function]}
              onResponderGrant={[Function]}
              onResponderMove={[Function]}
              onResponderRelease={[Function]}
              onResponderTerminate={[Function]}
              onResponderTerminationRequest={[Function]}
              onStartShouldSetResponder={[Function]}
              style={
                {
                  "alignItems": "center",
                  "flex": 1,
                  "opacity": 1,
                }
              }
            >
              <View
                style={
                  {
                    "alignItems": "center",
                    "backgroundColor": "#3b82f615",
                    "borderRadius": 12,
                    "height": 48,
                    "justifyContent": "center",
                    "marginBottom": 8,
                    "width": 48,
                  }
                }
              >
                <MaterialIcons
                  color="#3b82f6"
                  name="search"
                  size={24}
                />
              </View>
              <Text
                style={
                  {
                    "color": "#374151",
                    "fontSize": 12,
                    "fontWeight": "500",
                    "textAlign": "center",
                  }
                }
              >
                探す
              </Text>
            </View>
            <View
              accessibilityState={
                {
                  "busy": undefined,
                  "checked": undefined,
                  "disabled": undefined,
                  "expanded": undefined,
                  "selected": undefined,
                }
              }
              accessibilityValue={
                {
                  "max": undefined,
                  "min": undefined,
                  "now": undefined,
                  "text": undefined,
                }
              }
              accessible={true}
              collapsable={false}
              focusable={true}
              onClick={[Function]}
              onResponderGrant={[Function]}
              onResponderMove={[Function]}
              onResponderRelease={[Function]}
              onResponderTerminate={[Function]}
              onResponderTerminationRequest={[Function]}
              onStartShouldSetResponder={[Function]}
              style={
                {
                  "alignItems": "center",
                  "flex": 1,
                  "opacity": 1,
                }
              }
            >
              <View
                style={
                  {
                    "alignItems": "center",
                    "backgroundColor": "#3b82f615",
                    "borderRadius": 12,
                    "height": 48,
                    "justifyContent": "center",
                    "marginBottom": 8,
                    "width": 48,
                  }
                }
              >
                <MaterialIcons
                  color="#3b82f6"
                  name="school"
                  size={24}
                />
              </View>
              <Text
                style={
                  {
                    "color": "#374151",
                    "fontSize": 12,
                    "fontWeight": "500",
                    "textAlign": "center",
                  }
                }
              >
                予約
              </Text>
            </View>
            <View
              accessibilityState={
                {
                  "busy": undefined,
                  "checked": undefined,
                  "disabled": undefined,
                  "expanded": undefined,
                  "selected": undefined,
                }
              }
              accessibilityValue={
                {
                  "max": undefined,
                  "min": undefined,
                  "now": undefined,
                  "text": undefined,
                }
              }
              accessible={true}
              collapsable={false}
              focusable={true}
              onClick={[Function]}
              onResponderGrant={[Function]}
              onResponderMove={[Function]}
              onResponderRelease={[Function]}
              onResponderTerminate={[Function]}
              onResponderTerminationRequest={[Function]}
              onStartShouldSetResponder={[Function]}
              style={
                {
                  "alignItems": "center",
                  "flex": 1,
                  "opacity": 1,
                }
              }
            >
              <View
                style={
                  {
                    "alignItems": "center",
                    "backgroundColor": "#3b82f615",
                    "borderRadius": 12,
                    "height": 48,
                    "justifyContent": "center",
                    "marginBottom": 8,
                    "width": 48,
                  }
                }
              >
                <MaterialIcons
                  color="#3b82f6"
                  name="favorite"
                  size={24}
                />
              </View>
              <Text
                style={
                  {
                    "color": "#374151",
                    "fontSize": 12,
                    "fontWeight": "500",
                    "textAlign": "center",
                  }
                }
              >
                お気に入り
              </Text>
            </View>
            <View
              accessibilityState={
                {
                  "busy": undefined,
                  "checked": undefined,
                  "disabled": undefined,
                  "expanded": undefined,
                  "selected": undefined,
                }
              }
              accessibilityValue={
                {
                  "max": undefined,
                  "min": undefined,
                  "now": undefined,
                  "text": undefined,
                }
              }
              accessible={true}
              collapsable={false}
              focusable={true}
              onClick={[Function]}
              onResponderGrant={[Function]}
              onResponderMove={[Function]}
              onResponderRelease={[Function]}
              onResponderTerminate={[Function]}
              onResponderTerminationRequest={[Function]}
              onStartShouldSetResponder={[Function]}
              style={
                {
                  "alignItems": "center",
                  "flex": 1,
                  "opacity": 1,
                }
              }
            >
              <View
                style={
                  {
                    "alignItems": "center",
                    "backgroundColor": "#3b82f615",
                    "borderRadius": 12,
                    "height": 48,
                    "justifyContent": "center",
                    "marginBottom": 8,
                    "width": 48,
                  }
                }
              >
                <MaterialIcons
                  color="#3b82f6"
                  name="assessment"
                  size={24}
                />
              </View>
              <Text
                style={
                  {
                    "color": "#374151",
                    "fontSize": 12,
                    "fontWeight": "500",
                    "textAlign": "center",
                  }
                }
              >
                成果
              </Text>
            </View>
          </View>
        </View>
        <View
          style={
            {
              "backgroundColor": "#ffffff",
              "paddingVertical": 16,
            }
          }
        >
          <View
            style={
              {
                "alignItems": "center",
                "flexDirection": "row",
                "justifyContent": "space-between",
                "marginBottom": 16,
                "paddingHorizontal": 16,
              }
            }
          >
            <Text
              style={
                {
                  "color": "#111827",
                  "fontSize": 18,
                  "fontWeight": "600",
                }
              }
            >
              おすすめの先輩
            </Text>
            <View
              accessibilityState={
                {
                  "busy": undefined,
                  "checked": undefined,
                  "disabled": undefined,
                  "expanded": undefined,
                  "selected": undefined,
                }
              }
              accessibilityValue={
                {
                  "max": undefined,
                  "min": undefined,
                  "now": undefined,
                  "text": undefined,
                }
              }
              accessible={true}
              collapsable={false}
              focusable={false}
              onClick={[Function]}
              onResponderGrant={[Function]}
              onResponderMove={[Function]}
              onResponderRelease={[Function]}
              onResponderTerminate={[Function]}
              onResponderTerminationRequest={[Function]}
              onStartShouldSetResponder={[Function]}
              style={
                {
                  "alignItems": "center",
                  "flexDirection": "row",
                  "opacity": 1,
                }
              }
            >
              <Text
                style={
                  {
                    "color": "#3b82f6",
                    "fontSize": 12,
                    "marginRight": 2,
                  }
                }
              >
                すべて見る
              </Text>
              <MaterialIcons
                color="#3b82f6"
                name="arrow-forward"
                size={16}
              />
            </View>
          </View>
        </View>
        <View
          style={
            {
              "backgroundColor": "#ffffff",
              "height": 32,
            }
          }
        />
      </View>
    </View>
  </RCTScrollView>,
]
`;
